Archive member included to satisfy reference by file (symbol)

c:/siliconlabs/simplicitystudio/v4/developer/toolchains/gnu_arm/7.2_2017q4/bin/../lib/gcc/arm-none-eabi/7.2.1/thumb/v7-m\libgcc.a(_arm_addsubsf3.o)
                              ./src/input/touch_slider/touchSliderHandler.o (__aeabi_i2f)
c:/siliconlabs/simplicitystudio/v4/developer/toolchains/gnu_arm/7.2_2017q4/bin/../lib/gcc/arm-none-eabi/7.2.1/thumb/v7-m\libgcc.a(_arm_muldivsf3.o)
                              ./src/input/touch_slider/touchSliderHandler.o (__aeabi_fmul)
c:/siliconlabs/simplicitystudio/v4/developer/toolchains/gnu_arm/7.2_2017q4/bin/../lib/gcc/arm-none-eabi/7.2.1/thumb/v7-m\libgcc.a(_arm_fixsfsi.o)
                              ./src/input/touch_slider/touchSliderHandler.o (__aeabi_f2iz)
c:/siliconlabs/simplicitystudio/v4/developer/toolchains/gnu_arm/7.2_2017q4/bin/../lib/gcc/arm-none-eabi/7.2.1/thumb/v7-m\libgcc.a(_aeabi_uldivmod.o)
                              ./emlib/em_usart.o (__aeabi_uldivmod)
c:/siliconlabs/simplicitystudio/v4/developer/toolchains/gnu_arm/7.2_2017q4/bin/../lib/gcc/arm-none-eabi/7.2.1/thumb/v7-m\libgcc.a(_udivmoddi4.o)
                              c:/siliconlabs/simplicitystudio/v4/developer/toolchains/gnu_arm/7.2_2017q4/bin/../lib/gcc/arm-none-eabi/7.2.1/thumb/v7-m\libgcc.a(_aeabi_uldivmod.o) (__udivmoddi4)
c:/siliconlabs/simplicitystudio/v4/developer/toolchains/gnu_arm/7.2_2017q4/bin/../lib/gcc/arm-none-eabi/7.2.1/thumb/v7-m\libgcc.a(_dvmd_tls.o)
                              c:/siliconlabs/simplicitystudio/v4/developer/toolchains/gnu_arm/7.2_2017q4/bin/../lib/gcc/arm-none-eabi/7.2.1/thumb/v7-m\libgcc.a(_aeabi_uldivmod.o) (__aeabi_ldiv0)
c:/siliconlabs/simplicitystudio/v4/developer/toolchains/gnu_arm/7.2_2017q4/bin/../lib/gcc/arm-none-eabi/7.2.1/../../../../arm-none-eabi/lib/thumb/v7-m\libc_nano.a(lib_a-abs.o)
                              ./segmentlcd/segmentlcd.o (abs)
c:/siliconlabs/simplicitystudio/v4/developer/toolchains/gnu_arm/7.2_2017q4/bin/../lib/gcc/arm-none-eabi/7.2.1/../../../../arm-none-eabi/lib/thumb/v7-m\libc_nano.a(lib_a-exit.o)
                              c:/siliconlabs/simplicitystudio/v4/developer/toolchains/gnu_arm/7.2_2017q4/bin/../lib/gcc/arm-none-eabi/7.2.1/../../../../arm-none-eabi/lib/thumb/v7-m/crt0.o (exit)
c:/siliconlabs/simplicitystudio/v4/developer/toolchains/gnu_arm/7.2_2017q4/bin/../lib/gcc/arm-none-eabi/7.2.1/../../../../arm-none-eabi/lib/thumb/v7-m\libc_nano.a(lib_a-impure.o)
                              c:/siliconlabs/simplicitystudio/v4/developer/toolchains/gnu_arm/7.2_2017q4/bin/../lib/gcc/arm-none-eabi/7.2.1/../../../../arm-none-eabi/lib/thumb/v7-m\libc_nano.a(lib_a-exit.o) (_global_impure_ptr)
c:/siliconlabs/simplicitystudio/v4/developer/toolchains/gnu_arm/7.2_2017q4/bin/../lib/gcc/arm-none-eabi/7.2.1/../../../../arm-none-eabi/lib/thumb/v7-m\libc_nano.a(lib_a-init.o)
                              c:/siliconlabs/simplicitystudio/v4/developer/toolchains/gnu_arm/7.2_2017q4/bin/../lib/gcc/arm-none-eabi/7.2.1/../../../../arm-none-eabi/lib/thumb/v7-m/crt0.o (__libc_init_array)
c:/siliconlabs/simplicitystudio/v4/developer/toolchains/gnu_arm/7.2_2017q4/bin/../lib/gcc/arm-none-eabi/7.2.1/../../../../arm-none-eabi/lib/thumb/v7-m\libc_nano.a(lib_a-memset.o)
                              c:/siliconlabs/simplicitystudio/v4/developer/toolchains/gnu_arm/7.2_2017q4/bin/../lib/gcc/arm-none-eabi/7.2.1/../../../../arm-none-eabi/lib/thumb/v7-m/crt0.o (memset)
c:/siliconlabs/simplicitystudio/v4/developer/toolchains/gnu_arm/7.2_2017q4/bin/../lib/gcc/arm-none-eabi/7.2.1/../../../../arm-none-eabi/lib/thumb/v7-m\libc_nano.a(lib_a-strcpy.o)
                              ./src/main.o (strcpy)
c:/siliconlabs/simplicitystudio/v4/developer/toolchains/gnu_arm/7.2_2017q4/bin/../lib/gcc/arm-none-eabi/7.2.1/../../../../arm-none-eabi/lib/thumb/v7-m\libc_nano.a(lib_a-strlen.o)
                              ./segmentlcd/segmentlcd.o (strlen)
c:/siliconlabs/simplicitystudio/v4/developer/toolchains/gnu_arm/7.2_2017q4/bin/../lib/gcc/arm-none-eabi/7.2.1/../../../../arm-none-eabi/lib/thumb/v7-m\libnosys.a(_exit.o)
                              c:/siliconlabs/simplicitystudio/v4/developer/toolchains/gnu_arm/7.2_2017q4/bin/../lib/gcc/arm-none-eabi/7.2.1/../../../../arm-none-eabi/lib/thumb/v7-m\libc_nano.a(lib_a-exit.o) (_exit)

Allocating common symbols
Common symbol       size              file

inputITFlags        0x3               ./src/main.o

Discarded input sections

 .text          0x00000000        0x0 c:/siliconlabs/simplicitystudio/v4/developer/toolchains/gnu_arm/7.2_2017q4/bin/../lib/gcc/arm-none-eabi/7.2.1/thumb/v7-m/crti.o
 .data          0x00000000        0x0 c:/siliconlabs/simplicitystudio/v4/developer/toolchains/gnu_arm/7.2_2017q4/bin/../lib/gcc/arm-none-eabi/7.2.1/thumb/v7-m/crti.o
 .bss           0x00000000        0x0 c:/siliconlabs/simplicitystudio/v4/developer/toolchains/gnu_arm/7.2_2017q4/bin/../lib/gcc/arm-none-eabi/7.2.1/thumb/v7-m/crti.o
[...]
Memory Configuration

Name             Origin             Length             Attributes
FLASH            0x00000000         0x00100000         xr
RAM              0x20000000         0x00020000         xrw
*default*        0x00000000         0xffffffff

Linker script and memory map

LOAD c:/siliconlabs/simplicitystudio/v4/developer/toolchains/gnu_arm/7.2_2017q4/bin/../lib/gcc/arm-none-eabi/7.2.1/thumb/v7-m/crti.o
LOAD c:/siliconlabs/simplicitystudio/v4/developer/toolchains/gnu_arm/7.2_2017q4/bin/../lib/gcc/arm-none-eabi/7.2.1/thumb/v7-m/crtbegin.o
LOAD c:/siliconlabs/simplicitystudio/v4/developer/toolchains/gnu_arm/7.2_2017q4/bin/../lib/gcc/arm-none-eabi/7.2.1/../../../../arm-none-eabi/lib/thumb/v7-m/crt0.o
LOAD ./CMSIS/EFM32GG/startup_efm32gg.o
LOAD ./CMSIS/EFM32GG/system_efm32gg.o
LOAD ./emlib/em_cmu.o
LOAD ./emlib/em_gpio.o
LOAD ./emlib/em_lcd.o
LOAD ./emlib/em_lesense.o
LOAD ./emlib/em_system.o
LOAD ./emlib/em_usart.o
LOAD ./segmentlcd/segmentlcd.o
LOAD ./segmentlcd/segmentlcd_individual.o
LOAD ./src/config/config.o
LOAD ./src/display_data/displayData.o
LOAD ./src/input/button/buttonHandler.o
LOAD ./src/input/input_handler/inputHandler.o
LOAD ./src/input/joystick/joystickHandler.o
LOAD ./src/input/touch_slider/touch.o
LOAD ./src/input/touch_slider/touchSliderHandler.o
LOAD ./src/irqHandler.o
LOAD ./src/main.o
START GROUP
LOAD c:/siliconlabs/simplicitystudio/v4/developer/toolchains/gnu_arm/7.2_2017q4/bin/../lib/gcc/arm-none-eabi/7.2.1/thumb/v7-m\libgcc.a
LOAD c:/siliconlabs/simplicitystudio/v4/developer/toolchains/gnu_arm/7.2_2017q4/bin/../lib/gcc/arm-none-eabi/7.2.1/../../../../arm-none-eabi/lib/thumb/v7-m\libc_nano.a
LOAD c:/siliconlabs/simplicitystudio/v4/developer/toolchains/gnu_arm/7.2_2017q4/bin/../lib/gcc/arm-none-eabi/7.2.1/../../../../arm-none-eabi/lib/thumb/v7-m\libnosys.a
END GROUP
START GROUP
LOAD c:/siliconlabs/simplicitystudio/v4/developer/toolchains/gnu_arm/7.2_2017q4/bin/../lib/gcc/arm-none-eabi/7.2.1/thumb/v7-m\libgcc.a
LOAD c:/siliconlabs/simplicitystudio/v4/developer/toolchains/gnu_arm/7.2_2017q4/bin/../lib/gcc/arm-none-eabi/7.2.1/../../../../arm-none-eabi/lib/thumb/v7-m\libg_nano.a
LOAD c:/siliconlabs/simplicitystudio/v4/developer/toolchains/gnu_arm/7.2_2017q4/bin/../lib/gcc/arm-none-eabi/7.2.1/../../../../arm-none-eabi/lib/thumb/v7-m\libc_nano.a
END GROUP
START GROUP
LOAD c:/siliconlabs/simplicitystudio/v4/developer/toolchains/gnu_arm/7.2_2017q4/bin/../lib/gcc/arm-none-eabi/7.2.1/thumb/v7-m\libgcc.a
LOAD c:/siliconlabs/simplicitystudio/v4/developer/toolchains/gnu_arm/7.2_2017q4/bin/../lib/gcc/arm-none-eabi/7.2.1/../../../../arm-none-eabi/lib/thumb/v7-m\libc_nano.a
END GROUP
LOAD c:/siliconlabs/simplicitystudio/v4/developer/toolchains/gnu_arm/7.2_2017q4/bin/../lib/gcc/arm-none-eabi/7.2.1/thumb/v7-m/crtend.o
LOAD c:/siliconlabs/simplicitystudio/v4/developer/toolchains/gnu_arm/7.2_2017q4/bin/../lib/gcc/arm-none-eabi/7.2.1/thumb/v7-m/crtn.o

.text           0x00000000     0x2554
 *(.vectors)
 .vectors       0x00000000       0xdc ./CMSIS/EFM32GG/startup_efm32gg.o
                0x00000000                __Vectors
                0x000000dc                __Vectors_End = .
                0x000000dc                __Vectors_Size = (__Vectors_End - __Vectors)
                0x000000dc                __end__ = .
 *(.text*)
 .text          0x000000dc       0x40 c:/siliconlabs/simplicitystudio/v4/developer/toolchains/gnu_arm/7.2_2017q4/bin/../lib/gcc/arm-none-eabi/7.2.1/thumb/v7-m/crtbegin.o
 .text          0x0000011c       0x74 c:/siliconlabs/simplicitystudio/v4/developer/toolchains/gnu_arm/7.2_2017q4/bin/../lib/gcc/arm-none-eabi/7.2.1/../../../../arm-none-eabi/lib/thumb/v7-m/crt0.o
                0x0000011c                _start
                0x0000011c                _mainCRTStartup
 .text          0x00000190       0x30 ./CMSIS/EFM32GG/startup_efm32gg.o
                0x00000190                Reset_Handler
                0x000001bc                DebugMon_Handler
                0x000001bc                USART0_TX_IRQHandler
                0x000001bc                I2C0_IRQHandler
                0x000001bc                HardFault_Handler
                0x000001bc                LEUART1_IRQHandler
                0x000001bc                USART1_RX_IRQHandler
                0x000001bc                PendSV_Handler
                0x000001bc                NMI_Handler
                0x000001bc                I2C1_IRQHandler
                0x000001bc                TIMER3_IRQHandler
                0x000001bc                USART1_TX_IRQHandler
                0x000001bc                MSC_IRQHandler
                0x000001bc                ADC0_IRQHandler
                0x000001bc                UsageFault_Handler
                0x000001bc                LEUART0_IRQHandler
                0x000001bc                UART0_TX_IRQHandler
                0x000001bc                UART1_TX_IRQHandler
                0x000001bc                RTC_IRQHandler
                0x000001bc                TIMER0_IRQHandler
                0x000001bc                TIMER2_IRQHandler
                0x000001bc                LCD_IRQHandler
                0x000001bc                PCNT2_IRQHandler
                0x000001bc                UART0_RX_IRQHandler
                0x000001bc                LETIMER0_IRQHandler
                0x000001bc                TIMER1_IRQHandler
                0x000001bc                USART2_RX_IRQHandler
                0x000001bc                Default_Handler
                0x000001bc                EMU_IRQHandler
                0x000001bc                PCNT0_IRQHandler
                0x000001bc                sl_app_properties
                0x000001bc                USB_IRQHandler
                0x000001bc                BURTC_IRQHandler
                0x000001bc                PCNT1_IRQHandler
                0x000001bc                ACMP0_IRQHandler
                0x000001bc                USART0_RX_IRQHandler
                0x000001bc                MemManage_Handler
                0x000001bc                SVC_Handler
                0x000001bc                DAC0_IRQHandler
                0x000001bc                UART1_RX_IRQHandler
                0x000001bc                CMU_IRQHandler
                0x000001bc                EBI_IRQHandler
                0x000001bc                LESENSE_IRQHandler
                0x000001bc                AES_IRQHandler
                0x000001bc                VCMP_IRQHandler
                0x000001bc                DMA_IRQHandler
                0x000001bc                BusFault_Handler
                0x000001bc                USART2_TX_IRQHandler
 .text.GetProdRev
                0x000001c0       0x18 ./CMSIS/EFM32GG/system_efm32gg.o
 .text.SystemCoreClockGet
                0x000001d8       0x34 ./CMSIS/EFM32GG/system_efm32gg.o
                0x000001d8                SystemCoreClockGet
 .text.SystemMaxCoreClockGet
                0x0000020c       0x14 ./CMSIS/EFM32GG/system_efm32gg.o
                0x0000020c                SystemMaxCoreClockGet
 .text.SystemHFClockGet
                0x00000220      0x100 ./CMSIS/EFM32GG/system_efm32gg.o
                0x00000220                SystemHFClockGet
 .text.SystemHFXOClockGet
                0x00000320       0x14 ./CMSIS/EFM32GG/system_efm32gg.o
                0x00000320                SystemHFXOClockGet
 .text.SystemInit
                0x00000334       0x1c ./CMSIS/EFM32GG/system_efm32gg.o
                0x00000334                SystemInit
 .text.BUS_RegBitWrite
                0x00000350       0x2c ./emlib/em_cmu.o
 .text.BUS_RegBitRead
                0x0000037c       0x28 ./emlib/em_cmu.o
 .text.CMU_DivToLog2
                0x000003a4       0x30 ./emlib/em_cmu.o
 .text.SYSTEM_GetFamily
                0x000003d4       0x18 ./emlib/em_cmu.o
 .text.maxFreqHfle
                0x000003ec       0x7c ./emlib/em_cmu.o
 .text.setHfLeConfig
                0x00000468       0x64 ./emlib/em_cmu.o
 .text.flashWaitStateControl
                0x000004cc       0x98 ./emlib/em_cmu.o
 .text.flashWaitStateMax
                0x00000564       0x44 ./emlib/em_cmu.o
 .text.CMU_UpdateWaitStates
                0x000005a8       0x40 ./emlib/em_cmu.o
                0x000005a8                CMU_UpdateWaitStates
 .text.syncReg  0x000005e8       0x34 ./emlib/em_cmu.o
 .text.hfperClkSafePrescaler
                0x0000061c        0xc ./emlib/em_cmu.o
 .text.hfperClkOptimizedPrescaler
                0x00000628        0xc ./emlib/em_cmu.o
 .text.CMU_ClockDivSet
                0x00000634      0x264 ./emlib/em_cmu.o
                0x00000634                CMU_ClockDivSet
 .text.CMU_ClockEnable
                0x00000898       0xc8 ./emlib/em_cmu.o
                0x00000898                CMU_ClockEnable
 .text.CMU_ClockSelectSet
                0x00000960      0x298 ./emlib/em_cmu.o
                0x00000960                CMU_ClockSelectSet
 .text.CMU_LCDClkFDIVSet
                0x00000bf8       0x3c ./emlib/em_cmu.o
                0x00000bf8                CMU_LCDClkFDIVSet
 .text.CMU_OscillatorEnable
                0x00000c34       0xbc ./emlib/em_cmu.o
                0x00000c34                CMU_OscillatorEnable
 .text.BUS_RegBitWrite
                0x00000cf0       0x2c ./emlib/em_gpio.o
 .text.BUS_RegMaskedWrite
                0x00000d1c       0x28 ./emlib/em_gpio.o
 .text.GPIO_IntClear
                0x00000d44       0x20 ./emlib/em_gpio.o
 .text.GPIO_PinOutClear
                0x00000d64       0x58 ./emlib/em_gpio.o
 .text.GPIO_PinOutSet
                0x00000dbc       0x58 ./emlib/em_gpio.o
 .text.GPIO_ExtIntConfig
                0x00000e14       0xd4 ./emlib/em_gpio.o
                0x00000e14                GPIO_ExtIntConfig
 .text.GPIO_PinModeSet
                0x00000ee8      0x118 ./emlib/em_gpio.o
                0x00000ee8                GPIO_PinModeSet
 .text.LCD_Enable
                0x00001000       0x38 ./emlib/em_lcd.o
 .text.BUS_RegBitWrite
                0x00001038       0x2c ./emlib/em_lcd.o
 .text.LCD_Init
                0x00001064       0x78 ./emlib/em_lcd.o
                0x00001064                LCD_Init
 .text.LCD_VLCDSelect
                0x000010dc       0x44 ./emlib/em_lcd.o
                0x000010dc                LCD_VLCDSelect
 .text.LCD_SegmentRangeEnable
                0x00001120       0x40 ./emlib/em_lcd.o
                0x00001120                LCD_SegmentRangeEnable
 .text.LCD_SegmentSet
                0x00001160      0x1c8 ./emlib/em_lcd.o
                0x00001160                LCD_SegmentSet
 .text.LCD_SegmentSetLow
                0x00001328      0x17c ./emlib/em_lcd.o
                0x00001328                LCD_SegmentSetLow
 .text.LCD_SegmentSetHigh
                0x000014a4      0x17c ./emlib/em_lcd.o
                0x000014a4                LCD_SegmentSetHigh
 .text.LCD_VBoostSet
                0x00001620       0x28 ./emlib/em_lcd.o
                0x00001620                LCD_VBoostSet
 .text.LCD_FreezeEnable
                0x00001648       0x2c ./segmentlcd/segmentlcd.o
 .text.LCD_SyncBusyDelay
                0x00001674       0x24 ./segmentlcd/segmentlcd.o
 .text.LCD_IntDisable
                0x00001698       0x24 ./segmentlcd/segmentlcd.o
 .text.SegmentLCD_AllOff
                0x000016bc       0xac ./segmentlcd/segmentlcd.o
                0x000016bc                SegmentLCD_AllOff
 .text.SegmentLCD_AlphaNumberOff
                0x00001768       0xa8 ./segmentlcd/segmentlcd.o
                0x00001768                SegmentLCD_AlphaNumberOff
 .text.SegmentLCD_Init
                0x00001810       0xb8 ./segmentlcd/segmentlcd.o
                0x00001810                SegmentLCD_Init
 .text.SegmentLCD_Number
                0x000018c8      0x128 ./segmentlcd/segmentlcd.o
                0x000018c8                SegmentLCD_Number
 .text.SegmentLCD_NumberOff
                0x000019f0       0x4e ./segmentlcd/segmentlcd.o
                0x000019f0                SegmentLCD_NumberOff
 *fill*         0x00001a3e        0x2 
 .text.SegmentLCD_Symbol
                0x00001a40      0x118 ./segmentlcd/segmentlcd.o
                0x00001a40                SegmentLCD_Symbol
 .text.SegmentLCD_Write
                0x00001b58       0xd8 ./segmentlcd/segmentlcd.o
                0x00001b58                SegmentLCD_Write
 .text.SegmentLCD_ARing
                0x00001c30       0x54 ./segmentlcd/segmentlcd.o
                0x00001c30                SegmentLCD_ARing
 .text.__NVIC_EnableIRQ
                0x00001c84       0x38 ./src/config/config.o
 .text.__NVIC_SetPriority
                0x00001cbc       0x54 ./src/config/config.o
 .text.SysTick_Config
                0x00001d10       0x44 ./src/config/config.o
 .text.configAll
                0x00001d54       0x44 ./src/config/config.o
                0x00001d54                configAll
 .text.configGPIO
                0x00001d98       0x14 ./src/config/config.o
                0x00001d98                configGPIO
 .text.configTouchSlider
                0x00001dac        0xc ./src/config/config.o
                0x00001dac                configTouchSlider
 .text.displayData
                0x00001db8       0x5c ./src/display_data/displayData.o
                0x00001db8                displayData
 .text.GPIO_IntClear
                0x00001e14       0x20 ./src/input/button/buttonHandler.o
 .text.GPIO_IntConfig
                0x00001e34       0x36 ./src/input/button/buttonHandler.o
 .text.configButtonGPIO
                0x00001e6a       0x28 ./src/input/button/buttonHandler.o
                0x00001e6a                configButtonGPIO
 *fill*         0x00001e92        0x2 
 .text.GPIO_ODD_IRQHandler
                0x00001e94       0x20 ./src/input/button/buttonHandler.o
                0x00001e94                GPIO_ODD_IRQHandler
 .text.GPIO_IntClear
                0x00001eb4       0x20 ./src/input/joystick/joystickHandler.o
 .text.GPIO_IntConfig
                0x00001ed4       0x36 ./src/input/joystick/joystickHandler.o
 .text.configJoystickGPIO
                0x00001f0a       0x44 ./src/input/joystick/joystickHandler.o
                0x00001f0a                configJoystickGPIO
 *fill*         0x00001f4e        0x2 
 .text.GPIO_EVEN_IRQHandler
                0x00001f50       0x30 ./src/input/joystick/joystickHandler.o
                0x00001f50                GPIO_EVEN_IRQHandler
 .text.Touch_PeriodicProcess
                0x00001f80       0x70 ./src/input/touch_slider/touch.o
                0x00001f80                Touch_PeriodicProcess
 .text.Touch_Start
                0x00001ff0       0x18 ./src/input/touch_slider/touch.o
                0x00001ff0                Touch_Start
 .text.Touch_Restart
                0x00002008       0x40 ./src/input/touch_slider/touch.o
                0x00002008                Touch_Restart
 .text.Touch_Init
                0x00002048       0xd4 ./src/input/touch_slider/touch.o
                0x00002048                Touch_Init
 .text.SysTick_Handler
                0x0000211c       0x44 ./src/irqHandler.o
                0x0000211c                SysTick_Handler
 .text.main     0x00002160       0x30 ./src/main.o
                0x00002160                main
 .text.abs      0x00002190        0x8 c:/siliconlabs/simplicitystudio/v4/developer/toolchains/gnu_arm/7.2_2017q4/bin/../lib/gcc/arm-none-eabi/7.2.1/../../../../arm-none-eabi/lib/thumb/v7-m\libc_nano.a(lib_a-abs.o)
                0x00002190                abs
 .text.exit     0x00002198       0x28 c:/siliconlabs/simplicitystudio/v4/developer/toolchains/gnu_arm/7.2_2017q4/bin/../lib/gcc/arm-none-eabi/7.2.1/../../../../arm-none-eabi/lib/thumb/v7-m\libc_nano.a(lib_a-exit.o)
                0x00002198                exit
 .text.__libc_init_array
                0x000021c0       0x48 c:/siliconlabs/simplicitystudio/v4/developer/toolchains/gnu_arm/7.2_2017q4/bin/../lib/gcc/arm-none-eabi/7.2.1/../../../../arm-none-eabi/lib/thumb/v7-m\libc_nano.a(lib_a-init.o)
                0x000021c0                __libc_init_array
 .text.memset   0x00002208       0x10 c:/siliconlabs/simplicitystudio/v4/developer/toolchains/gnu_arm/7.2_2017q4/bin/../lib/gcc/arm-none-eabi/7.2.1/../../../../arm-none-eabi/lib/thumb/v7-m\libc_nano.a(lib_a-memset.o)
                0x00002208                memset
 .text.strcpy   0x00002218       0x10 c:/siliconlabs/simplicitystudio/v4/developer/toolchains/gnu_arm/7.2_2017q4/bin/../lib/gcc/arm-none-eabi/7.2.1/../../../../arm-none-eabi/lib/thumb/v7-m\libc_nano.a(lib_a-strcpy.o)
                0x00002218                strcpy
 .text          0x00002228       0x10 c:/siliconlabs/simplicitystudio/v4/developer/toolchains/gnu_arm/7.2_2017q4/bin/../lib/gcc/arm-none-eabi/7.2.1/../../../../arm-none-eabi/lib/thumb/v7-m\libc_nano.a(lib_a-strlen.o)
                0x00002228                strlen
 .text._exit    0x00002238        0x4 c:/siliconlabs/simplicitystudio/v4/developer/toolchains/gnu_arm/7.2_2017q4/bin/../lib/gcc/arm-none-eabi/7.2.1/../../../../arm-none-eabi/lib/thumb/v7-m\libnosys.a(_exit.o)
                0x00002238                _exit
 *(.init)
 .init          0x0000223c        0x4 c:/siliconlabs/simplicitystudio/v4/developer/toolchains/gnu_arm/7.2_2017q4/bin/../lib/gcc/arm-none-eabi/7.2.1/thumb/v7-m/crti.o
                0x0000223c                _init
 .init          0x00002240        0x8 c:/siliconlabs/simplicitystudio/v4/developer/toolchains/gnu_arm/7.2_2017q4/bin/../lib/gcc/arm-none-eabi/7.2.1/thumb/v7-m/crtn.o
 *(.fini)
 .fini          0x00002248        0x4 c:/siliconlabs/simplicitystudio/v4/developer/toolchains/gnu_arm/7.2_2017q4/bin/../lib/gcc/arm-none-eabi/7.2.1/thumb/v7-m/crti.o
                0x00002248                _fini
 .fini          0x0000224c        0x8 c:/siliconlabs/simplicitystudio/v4/developer/toolchains/gnu_arm/7.2_2017q4/bin/../lib/gcc/arm-none-eabi/7.2.1/thumb/v7-m/crtn.o
 *crtbegin.o(.ctors)
 *crtbegin?.o(.ctors)
 *(EXCLUDE_FILE(*crtend.o *crtend?.o) .ctors)
 *(SORT_BY_NAME(.ctors.*))
 *(.ctors)
 *crtbegin.o(.dtors)
 *crtbegin?.o(.dtors)
 *(EXCLUDE_FILE(*crtend.o *crtend?.o) .dtors)
 *(SORT_BY_NAME(.dtors.*))
 *(.dtors)
 *(.rodata*)
 .rodata.EFM_Display
                0x00002254      0x1fe ./segmentlcd/segmentlcd.o
 *fill*         0x00002452        0x2 
 .rodata.Segment_Alphabet
                0x00002454       0xb8 ./segmentlcd/segmentlcd.o
 .rodata.Segment_Numbers
                0x0000250c       0x22 ./segmentlcd/segmentlcd.o
 *fill*         0x0000252e        0x2 
 .rodata.lcdInit
                0x00002530       0x14 ./segmentlcd/segmentlcd.o
 .rodata        0x00002544        0x5 ./src/main.o
 *fill*         0x00002549        0x3 
 .rodata._global_impure_ptr
                0x0000254c        0x4 c:/siliconlabs/simplicitystudio/v4/developer/toolchains/gnu_arm/7.2_2017q4/bin/../lib/gcc/arm-none-eabi/7.2.1/../../../../arm-none-eabi/lib/thumb/v7-m\libc_nano.a(lib_a-impure.o)
                0x0000254c                _global_impure_ptr
 *(.eh_frame*)
 .eh_frame      0x00002550        0x0 c:/siliconlabs/simplicitystudio/v4/developer/toolchains/gnu_arm/7.2_2017q4/bin/../lib/gcc/arm-none-eabi/7.2.1/thumb/v7-m/crtbegin.o
 .eh_frame      0x00002550        0x4 c:/siliconlabs/simplicitystudio/v4/developer/toolchains/gnu_arm/7.2_2017q4/bin/../lib/gcc/arm-none-eabi/7.2.1/thumb/v7-m/crtend.o

.glue_7         0x00002554        0x0
 .glue_7        0x00002554        0x0 linker stubs

.glue_7t        0x00002554        0x0
 .glue_7t       0x00002554        0x0 linker stubs

.vfp11_veneer   0x00002554        0x0
 .vfp11_veneer  0x00002554        0x0 linker stubs

.v4_bx          0x00002554        0x0
 .v4_bx         0x00002554        0x0 linker stubs

.iplt           0x00002554        0x0
 .iplt          0x00002554        0x0 c:/siliconlabs/simplicitystudio/v4/developer/toolchains/gnu_arm/7.2_2017q4/bin/../lib/gcc/arm-none-eabi/7.2.1/thumb/v7-m/crtbegin.o

.ARM.extab
 *(.ARM.extab* .gnu.linkonce.armextab.*)
                0x00002554                __exidx_start = .

.ARM.exidx      0x00002554        0x8
 *(.ARM.exidx* .gnu.linkonce.armexidx.*)
 .ARM.exidx     0x00002554        0x8 c:/siliconlabs/simplicitystudio/v4/developer/toolchains/gnu_arm/7.2_2017q4/bin/../lib/gcc/arm-none-eabi/7.2.1/../../../../arm-none-eabi/lib/thumb/v7-m/crt0.o
                0x0000255c                __exidx_end = .
                0x0000255c                __etext = .

.rel.dyn        0x0000255c        0x0
 .rel.iplt      0x0000255c        0x0 c:/siliconlabs/simplicitystudio/v4/developer/toolchains/gnu_arm/7.2_2017q4/bin/../lib/gcc/arm-none-eabi/7.2.1/thumb/v7-m/crtbegin.o

.data           0x20000000       0x74 load address 0x0000255c
                0x20000000                __data_start__ = .
 *(vtable)
 *(.data*)
 .data.SystemHFXOClock
                0x20000000        0x4 ./CMSIS/EFM32GG/system_efm32gg.o
 .data.SystemLFXOClock
                0x20000004        0x4 ./CMSIS/EFM32GG/system_efm32gg.o
 .data.SystemCoreClock
                0x20000008        0x4 ./CMSIS/EFM32GG/system_efm32gg.o
                0x20000008                SystemCoreClock
 .data.impure_data
                0x2000000c       0x60 c:/siliconlabs/simplicitystudio/v4/developer/toolchains/gnu_arm/7.2_2017q4/bin/../lib/gcc/arm-none-eabi/7.2.1/../../../../arm-none-eabi/lib/thumb/v7-m\libc_nano.a(lib_a-impure.o)
                0x2000006c                . = ALIGN (0x4)
                [!provide]                PROVIDE (__ram_func_section_start, .)
 *(.ram)
                [!provide]                PROVIDE (__ram_func_section_end, .)
                0x2000006c                . = ALIGN (0x4)
                0x2000006c                PROVIDE (__preinit_array_start, .)
 *(.preinit_array)
                0x2000006c                PROVIDE (__preinit_array_end, .)
                0x2000006c                . = ALIGN (0x4)
                0x2000006c                PROVIDE (__init_array_start, .)
 *(SORT_BY_NAME(.init_array.*))
 *(.init_array)
 .init_array    0x2000006c        0x4 c:/siliconlabs/simplicitystudio/v4/developer/toolchains/gnu_arm/7.2_2017q4/bin/../lib/gcc/arm-none-eabi/7.2.1/thumb/v7-m/crtbegin.o
                0x20000070                PROVIDE (__init_array_end, .)
                0x20000070                . = ALIGN (0x4)
                [!provide]                PROVIDE (__fini_array_start, .)
 *(SORT_BY_NAME(.fini_array.*))
 *(.fini_array)
 .fini_array    0x20000070        0x4 c:/siliconlabs/simplicitystudio/v4/developer/toolchains/gnu_arm/7.2_2017q4/bin/../lib/gcc/arm-none-eabi/7.2.1/thumb/v7-m/crtbegin.o
                [!provide]                PROVIDE (__fini_array_end, .)
 *(.jcr*)
                0x20000074                . = ALIGN (0x4)
                0x20000074                __data_end__ = .

.igot.plt       0x20000074        0x0 load address 0x000025d0
 .igot.plt      0x20000074        0x0 c:/siliconlabs/simplicitystudio/v4/developer/toolchains/gnu_arm/7.2_2017q4/bin/../lib/gcc/arm-none-eabi/7.2.1/thumb/v7-m/crtbegin.o

.bss            0x20000074       0x3c load address 0x000025d0
                0x20000074                . = ALIGN (0x4)
                0x20000074                __bss_start__ = .
 *(.bss*)
 .bss           0x20000074       0x1c c:/siliconlabs/simplicitystudio/v4/developer/toolchains/gnu_arm/7.2_2017q4/bin/../lib/gcc/arm-none-eabi/7.2.1/thumb/v7-m/crtbegin.o
 .bss.measurements
                0x20000090        0x8 ./src/input/touch_slider/touch.o
 .bss.measurements_max
                0x20000098        0x8 ./src/input/touch_slider/touch.o
 .bss.channelindex
                0x200000a0        0x4 ./src/input/touch_slider/touch.o
 .bss.pollcompleted
                0x200000a4        0x4 ./src/input/touch_slider/touch.o
 .bss.sysTickCounter.3710
                0x200000a8        0x1 ./src/irqHandler.o
 *(COMMON)
 *fill*         0x200000a9        0x3 
 COMMON         0x200000ac        0x3 ./src/main.o
                0x200000ac                inputITFlags
                0x200000b0                . = ALIGN (0x4)
 *fill*         0x200000af        0x1 
                0x200000b0                __bss_end__ = .

.heap           0x200000b0      0xc00
                0x200000b0                __HeapBase = .
                0x200000b0                __end__ = .
                0x200000b0                end = __end__
                0x200000b0                _end = __end__
 *(.heap*)
 .heap          0x200000b0      0xc00 ./CMSIS/EFM32GG/startup_efm32gg.o
                0x20000cb0                __HeapLimit = .

.stack_dummy    0x200000b0      0x400
 *(.stack*)
 .stack         0x200000b0      0x400 ./CMSIS/EFM32GG/startup_efm32gg.o
                0x20020000                __StackTop = (ORIGIN (RAM) + LENGTH (RAM))
                0x2001fc00                __StackLimit = (__StackTop - SIZEOF (.stack_dummy))
                0x20020000                PROVIDE (__stack, __StackTop)
                0x00000001                ASSERT ((__StackLimit >= __HeapLimit), region RAM overflowed with stack)
                0x00000001                ASSERT ((LENGTH (FLASH) >= (__etext + SIZEOF (.data))), FLASH memory overflowed !)
OUTPUT(banana_cooperative_multiplayer_game.axf elf32-littlearm)

.ARM.attributes
                0x00000000       0x29
 .ARM.attributes
                0x00000000       0x1d c:/siliconlabs/simplicitystudio/v4/developer/toolchains/gnu_arm/7.2_2017q4/bin/../lib/gcc/arm-none-eabi/7.2.1/thumb/v7-m/crti.o
 .ARM.attributes
                0x0000001d       0x2d c:/siliconlabs/simplicitystudio/v4/developer/toolchains/gnu_arm/7.2_2017q4/bin/../lib/gcc/arm-none-eabi/7.2.1/thumb/v7-m/crtbegin.o
 .ARM.attributes
                0x0000004a       0x1b c:/siliconlabs/simplicitystudio/v4/developer/toolchains/gnu_arm/7.2_2017q4/bin/../lib/gcc/arm-none-eabi/7.2.1/../../../../arm-none-eabi/lib/thumb/v7-m/crt0.o
 .ARM.attributes
                0x00000065       0x1b ./CMSIS/EFM32GG/startup_efm32gg.o
 .ARM.attributes
                0x00000080       0x33 ./CMSIS/EFM32GG/system_efm32gg.o
 .ARM.attributes
                0x000000b3       0x33 ./emlib/em_cmu.o
 .ARM.attributes
                0x000000e6       0x33 ./emlib/em_gpio.o
 .ARM.attributes
                0x00000119       0x33 ./emlib/em_lcd.o
 .ARM.attributes
                0x0000014c       0x33 ./segmentlcd/segmentlcd.o
 .ARM.attributes
                0x0000017f       0x33 ./src/config/config.o
 .ARM.attributes
                0x000001b2       0x33 ./src/display_data/displayData.o
 .ARM.attributes
                0x000001e5       0x33 ./src/input/button/buttonHandler.o
 .ARM.attributes
                0x00000218       0x33 ./src/input/joystick/joystickHandler.o
 .ARM.attributes
                0x0000024b       0x33 ./src/input/touch_slider/touch.o
 .ARM.attributes
                0x0000027e       0x33 ./src/irqHandler.o
 .ARM.attributes
                0x000002b1       0x33 ./src/main.o
 .ARM.attributes
                0x000002e4       0x2d c:/siliconlabs/simplicitystudio/v4/developer/toolchains/gnu_arm/7.2_2017q4/bin/../lib/gcc/arm-none-eabi/7.2.1/../../../../arm-none-eabi/lib/thumb/v7-m\libc_nano.a(lib_a-abs.o)
 .ARM.attributes
                0x00000311       0x2d c:/siliconlabs/simplicitystudio/v4/developer/toolchains/gnu_arm/7.2_2017q4/bin/../lib/gcc/arm-none-eabi/7.2.1/../../../../arm-none-eabi/lib/thumb/v7-m\libc_nano.a(lib_a-exit.o)
 .ARM.attributes
                0x0000033e       0x2d c:/siliconlabs/simplicitystudio/v4/developer/toolchains/gnu_arm/7.2_2017q4/bin/../lib/gcc/arm-none-eabi/7.2.1/../../../../arm-none-eabi/lib/thumb/v7-m\libc_nano.a(lib_a-impure.o)
 .ARM.attributes
                0x0000036b       0x2d c:/siliconlabs/simplicitystudio/v4/developer/toolchains/gnu_arm/7.2_2017q4/bin/../lib/gcc/arm-none-eabi/7.2.1/../../../../arm-none-eabi/lib/thumb/v7-m\libc_nano.a(lib_a-init.o)
 .ARM.attributes
                0x00000398       0x2d c:/siliconlabs/simplicitystudio/v4/developer/toolchains/gnu_arm/7.2_2017q4/bin/../lib/gcc/arm-none-eabi/7.2.1/../../../../arm-none-eabi/lib/thumb/v7-m\libc_nano.a(lib_a-memset.o)
 .ARM.attributes
                0x000003c5       0x2d c:/siliconlabs/simplicitystudio/v4/developer/toolchains/gnu_arm/7.2_2017q4/bin/../lib/gcc/arm-none-eabi/7.2.1/../../../../arm-none-eabi/lib/thumb/v7-m\libc_nano.a(lib_a-strcpy.o)
 .ARM.attributes
                0x000003f2       0x17 c:/siliconlabs/simplicitystudio/v4/developer/toolchains/gnu_arm/7.2_2017q4/bin/../lib/gcc/arm-none-eabi/7.2.1/../../../../arm-none-eabi/lib/thumb/v7-m\libc_nano.a(lib_a-strlen.o)
 .ARM.attributes
                0x00000409       0x2d c:/siliconlabs/simplicitystudio/v4/developer/toolchains/gnu_arm/7.2_2017q4/bin/../lib/gcc/arm-none-eabi/7.2.1/../../../../arm-none-eabi/lib/thumb/v7-m\libnosys.a(_exit.o)
 .ARM.attributes
                0x00000436       0x2d c:/siliconlabs/simplicitystudio/v4/developer/toolchains/gnu_arm/7.2_2017q4/bin/../lib/gcc/arm-none-eabi/7.2.1/thumb/v7-m/crtend.o
 .ARM.attributes
                0x00000463       0x1d c:/siliconlabs/simplicitystudio/v4/developer/toolchains/gnu_arm/7.2_2017q4/bin/../lib/gcc/arm-none-eabi/7.2.1/thumb/v7-m/crtn.o

.comment        0x00000000       0x7e
 .comment       0x00000000       0x7e ./CMSIS/EFM32GG/system_efm32gg.o
                                 0x7f (size before relaxing)
 .comment       0x0000007e       0x7f ./emlib/em_cmu.o
 .comment       0x0000007e       0x7f ./emlib/em_gpio.o
 .comment       0x0000007e       0x7f ./emlib/em_lcd.o
 .comment       0x0000007e       0x7f ./segmentlcd/segmentlcd.o
 .comment       0x0000007e       0x7f ./src/config/config.o
 .comment       0x0000007e       0x7f ./src/display_data/displayData.o
 .comment       0x0000007e       0x7f ./src/input/button/buttonHandler.o
 .comment       0x0000007e       0x7f ./src/input/joystick/joystickHandler.o
 .comment       0x0000007e       0x7f ./src/input/touch_slider/touch.o
 .comment       0x0000007e       0x7f ./src/irqHandler.o
 .comment       0x0000007e       0x7f ./src/main.o

.debug_line     0x00000000     0x7907
 .debug_line    0x00000000       0xd3 ./CMSIS/EFM32GG/startup_efm32gg.o
 .debug_line    0x000000d3      0x896 ./CMSIS/EFM32GG/system_efm32gg.o
 .debug_line    0x00000969     0x10fc ./emlib/em_cmu.o
 .debug_line    0x00001a65      0xa08 ./emlib/em_gpio.o
 .debug_line    0x0000246d      0xa5c ./emlib/em_lcd.o
 .debug_line    0x00002ec9      0xd6d ./segmentlcd/segmentlcd.o
 .debug_line    0x00003c36      0xa47 ./src/config/config.o
 .debug_line    0x0000467d      0x8d2 ./src/display_data/displayData.o
 .debug_line    0x00004f4f      0x9a1 ./src/input/button/buttonHandler.o
 .debug_line    0x000058f0      0x9ed ./src/input/joystick/joystickHandler.o
 .debug_line    0x000062dd      0x864 ./src/input/touch_slider/touch.o
 .debug_line    0x00006b41      0x367 ./src/irqHandler.o
 .debug_line    0x00006ea8      0xa5f ./src/main.o

.debug_info     0x00000000     0x77d0
 .debug_info    0x00000000       0x26 ./CMSIS/EFM32GG/startup_efm32gg.o
 .debug_info    0x00000026      0x7a7 ./CMSIS/EFM32GG/system_efm32gg.o
 .debug_info    0x000007cd     0x1624 ./emlib/em_cmu.o
 .debug_info    0x00001df1      0x6f4 ./emlib/em_gpio.o
 .debug_info    0x000024e5      0xb0e ./emlib/em_lcd.o
 .debug_info    0x00002ff3     0x1bfd ./segmentlcd/segmentlcd.o
 .debug_info    0x00004bf0      0x820 ./src/config/config.o
 .debug_info    0x00005410      0x340 ./src/display_data/displayData.o
 .debug_info    0x00005750      0x5ad ./src/input/button/buttonHandler.o
 .debug_info    0x00005cfd      0x60b ./src/input/joystick/joystickHandler.o
 .debug_info    0x00006308      0x7ff ./src/input/touch_slider/touch.o
 .debug_info    0x00006b07       0xf6 ./src/irqHandler.o
 .debug_info    0x00006bfd      0xbd3 ./src/main.o

.debug_abbrev   0x00000000     0x17a4
 .debug_abbrev  0x00000000       0x14 ./CMSIS/EFM32GG/startup_efm32gg.o
 .debug_abbrev  0x00000014      0x1eb ./CMSIS/EFM32GG/system_efm32gg.o
 .debug_abbrev  0x000001ff      0x307 ./emlib/em_cmu.o
 .debug_abbrev  0x00000506      0x21d ./emlib/em_gpio.o
 .debug_abbrev  0x00000723      0x24b ./emlib/em_lcd.o
 .debug_abbrev  0x0000096e      0x2ba ./segmentlcd/segmentlcd.o
 .debug_abbrev  0x00000c28      0x1c6 ./src/config/config.o
 .debug_abbrev  0x00000dee      0x13a ./src/display_data/displayData.o
 .debug_abbrev  0x00000f28      0x227 ./src/input/button/buttonHandler.o
 .debug_abbrev  0x0000114f      0x23f ./src/input/joystick/joystickHandler.o
 .debug_abbrev  0x0000138e      0x1c8 ./src/input/touch_slider/touch.o
 .debug_abbrev  0x00001556       0x92 ./src/irqHandler.o
 .debug_abbrev  0x000015e8      0x1bc ./src/main.o

.debug_aranges  0x00000000      0x598
 .debug_aranges
                0x00000000       0x20 ./CMSIS/EFM32GG/startup_efm32gg.o
 .debug_aranges
                0x00000020       0x70 ./CMSIS/EFM32GG/system_efm32gg.o
 .debug_aranges
                0x00000090      0x180 ./emlib/em_cmu.o
 .debug_aranges
                0x00000210       0x78 ./emlib/em_gpio.o
 .debug_aranges
                0x00000288       0xa8 ./emlib/em_lcd.o
 .debug_aranges
                0x00000330       0xc8 ./segmentlcd/segmentlcd.o
 .debug_aranges
                0x000003f8       0x48 ./src/config/config.o
 .debug_aranges
                0x00000440       0x20 ./src/display_data/displayData.o
 .debug_aranges
                0x00000460       0x50 ./src/input/button/buttonHandler.o
 .debug_aranges
                0x000004b0       0x50 ./src/input/joystick/joystickHandler.o
 .debug_aranges
                0x00000500       0x58 ./src/input/touch_slider/touch.o
 .debug_aranges
                0x00000558       0x20 ./src/irqHandler.o
 .debug_aranges
                0x00000578       0x20 ./src/main.o

.debug_str      0x00000000    0xdd10c
 .debug_str     0x00000000       0xff ./CMSIS/EFM32GG/startup_efm32gg.o
 .debug_str     0x000000ff    0xd2877 ./CMSIS/EFM32GG/system_efm32gg.o
                              0xd2f0b (size before relaxing)
 .debug_str     0x000d2976     0x3f8e ./emlib/em_cmu.o
                              0xd6d37 (size before relaxing)
 .debug_str     0x000d6904      0x4bb ./emlib/em_gpio.o
                              0xd372f (size before relaxing)
 .debug_str     0x000d6dbf      0x79d ./emlib/em_lcd.o
                              0xd3395 (size before relaxing)
 .debug_str     0x000d755c     0x509c ./segmentlcd/segmentlcd.o
                              0xdb1d0 (size before relaxing)
 .debug_str     0x000dc5f8      0x377 ./src/config/config.o
                              0xd7361 (size before relaxing)
 .debug_str     0x000dc96f      0x103 ./src/display_data/displayData.o
                              0xd5a4c (size before relaxing)
 .debug_str     0x000dca72      0x1dc ./src/input/button/buttonHandler.o
                              0xd36e1 (size before relaxing)
 .debug_str     0x000dcc4e      0x138 ./src/input/joystick/joystickHandler.o
                              0xd3791 (size before relaxing)
 .debug_str     0x000dcd86      0x307 ./src/input/touch_slider/touch.o
                              0xd2f37 (size before relaxing)
 .debug_str     0x000dd08d       0x6c ./src/irqHandler.o
                               0x3d49 (size before relaxing)
 .debug_str     0x000dd0f9       0x13 ./src/main.o
                              0xd8abf (size before relaxing)

.debug_loc      0x00000000     0x2aee
 .debug_loc     0x00000000      0x31c ./CMSIS/EFM32GG/system_efm32gg.o
 .debug_loc     0x0000031c      0xe4c ./emlib/em_cmu.o
 .debug_loc     0x00001168      0x420 ./emlib/em_gpio.o
 .debug_loc     0x00001588      0x648 ./emlib/em_lcd.o
 .debug_loc     0x00001bd0      0x66a ./segmentlcd/segmentlcd.o
 .debug_loc     0x0000223a      0x18c ./src/config/config.o
 .debug_loc     0x000023c6       0x50 ./src/display_data/displayData.o
 .debug_loc     0x00002416      0x1f4 ./src/input/button/buttonHandler.o
 .debug_loc     0x0000260a      0x218 ./src/input/joystick/joystickHandler.o
 .debug_loc     0x00002822      0x268 ./src/input/touch_slider/touch.o
 .debug_loc     0x00002a8a       0x2c ./src/irqHandler.o
 .debug_loc     0x00002ab6       0x38 ./src/main.o

.debug_ranges   0x00000000      0x4b8
 .debug_ranges  0x00000000       0x60 ./CMSIS/EFM32GG/system_efm32gg.o
 .debug_ranges  0x00000060      0x170 ./emlib/em_cmu.o
 .debug_ranges  0x000001d0       0x68 ./emlib/em_gpio.o
 .debug_ranges  0x00000238       0x98 ./emlib/em_lcd.o
 .debug_ranges  0x000002d0       0xb8 ./segmentlcd/segmentlcd.o
 .debug_ranges  0x00000388       0x38 ./src/config/config.o
 .debug_ranges  0x000003c0       0x10 ./src/display_data/displayData.o
 .debug_ranges  0x000003d0       0x40 ./src/input/button/buttonHandler.o
 .debug_ranges  0x00000410       0x40 ./src/input/joystick/joystickHandler.o
 .debug_ranges  0x00000450       0x48 ./src/input/touch_slider/touch.o
 .debug_ranges  0x00000498       0x10 ./src/irqHandler.o
 .debug_ranges  0x000004a8       0x10 ./src/main.o

.debug_macro    0x00000000    0x25e99
 .debug_macro   0x00000000      0x28e ./CMSIS/EFM32GG/system_efm32gg.o
 .debug_macro   0x0000028e      0xa48 ./CMSIS/EFM32GG/system_efm32gg.o
 .debug_macro   0x00000cd6       0x22 ./CMSIS/EFM32GG/system_efm32gg.o
 .debug_macro   0x00000cf8       0x4f ./CMSIS/EFM32GG/system_efm32gg.o
 .debug_macro   0x00000d47       0x51 ./CMSIS/EFM32GG/system_efm32gg.o
 .debug_macro   0x00000d98       0xef ./CMSIS/EFM32GG/system_efm32gg.o
 .debug_macro   0x00000e87       0x6a ./CMSIS/EFM32GG/system_efm32gg.o
 .debug_macro   0x00000ef1      0x1df ./CMSIS/EFM32GG/system_efm32gg.o
 .debug_macro   0x000010d0      0x39b ./CMSIS/EFM32GG/system_efm32gg.o
 .debug_macro   0x0000146b       0x1c ./CMSIS/EFM32GG/system_efm32gg.o
 .debug_macro   0x00001487       0x22 ./CMSIS/EFM32GG/system_efm32gg.o
 .debug_macro   0x000014a9       0xc3 ./CMSIS/EFM32GG/system_efm32gg.o
 .debug_macro   0x0000156c      0xe18 ./CMSIS/EFM32GG/system_efm32gg.o
 .debug_macro   0x00002384       0xe2 ./CMSIS/EFM32GG/system_efm32gg.o
 .debug_macro   0x00002466     0x2869 ./CMSIS/EFM32GG/system_efm32gg.o
 .debug_macro   0x00004ccf      0x39e ./CMSIS/EFM32GG/system_efm32gg.o
 .debug_macro   0x0000506d     0x3f12 ./CMSIS/EFM32GG/system_efm32gg.o
 .debug_macro   0x00008f7f      0x9a4 ./CMSIS/EFM32GG/system_efm32gg.o
 .debug_macro   0x00009923      0x6eb ./CMSIS/EFM32GG/system_efm32gg.o
 .debug_macro   0x0000a00e      0x283 ./CMSIS/EFM32GG/system_efm32gg.o
 .debug_macro   0x0000a291     0x1e37 ./CMSIS/EFM32GG/system_efm32gg.o
 .debug_macro   0x0000c0c8     0x30cb ./CMSIS/EFM32GG/system_efm32gg.o
 .debug_macro   0x0000f193      0x37f ./CMSIS/EFM32GG/system_efm32gg.o
 .debug_macro   0x0000f512      0x855 ./CMSIS/EFM32GG/system_efm32gg.o
 .debug_macro   0x0000fd67     0x230f ./CMSIS/EFM32GG/system_efm32gg.o
 .debug_macro   0x00012076     0x1bf6 ./CMSIS/EFM32GG/system_efm32gg.o
 .debug_macro   0x00013c6c     0x1709 ./CMSIS/EFM32GG/system_efm32gg.o
 .debug_macro   0x00015375      0x6d8 ./CMSIS/EFM32GG/system_efm32gg.o
 .debug_macro   0x00015a4d     0x106a ./CMSIS/EFM32GG/system_efm32gg.o
 .debug_macro   0x00016ab7     0x1d83 ./CMSIS/EFM32GG/system_efm32gg.o
 .debug_macro   0x0001883a      0x33d ./CMSIS/EFM32GG/system_efm32gg.o
 .debug_macro   0x00018b77      0xa66 ./CMSIS/EFM32GG/system_efm32gg.o
 .debug_macro   0x000195dd      0xfe0 ./CMSIS/EFM32GG/system_efm32gg.o
 .debug_macro   0x0001a5bd      0x894 ./CMSIS/EFM32GG/system_efm32gg.o
 .debug_macro   0x0001ae51      0xf85 ./CMSIS/EFM32GG/system_efm32gg.o
 .debug_macro   0x0001bdd6     0x12a5 ./CMSIS/EFM32GG/system_efm32gg.o
 .debug_macro   0x0001d07b      0xc4a ./CMSIS/EFM32GG/system_efm32gg.o
 .debug_macro   0x0001dcc5      0x74d ./CMSIS/EFM32GG/system_efm32gg.o
 .debug_macro   0x0001e412      0x1c9 ./CMSIS/EFM32GG/system_efm32gg.o
 .debug_macro   0x0001e5db     0x1041 ./CMSIS/EFM32GG/system_efm32gg.o
 .debug_macro   0x0001f61c      0x280 ./CMSIS/EFM32GG/system_efm32gg.o
 .debug_macro   0x0001f89c       0x40 ./CMSIS/EFM32GG/system_efm32gg.o
 .debug_macro   0x0001f8dc      0x250 ./CMSIS/EFM32GG/system_efm32gg.o
 .debug_macro   0x0001fb2c      0x1f0 ./CMSIS/EFM32GG/system_efm32gg.o
 .debug_macro   0x0001fd1c      0x166 ./CMSIS/EFM32GG/system_efm32gg.o
 .debug_macro   0x0001fe82      0x252 ./CMSIS/EFM32GG/system_efm32gg.o
 .debug_macro   0x000200d4     0x1bd7 ./CMSIS/EFM32GG/system_efm32gg.o
 .debug_macro   0x00021cab       0x2e ./CMSIS/EFM32GG/system_efm32gg.o
 .debug_macro   0x00021cd9      0x427 ./CMSIS/EFM32GG/system_efm32gg.o
 .debug_macro   0x00022100      0x427 ./CMSIS/EFM32GG/system_efm32gg.o
 .debug_macro   0x00022527      0x367 ./emlib/em_cmu.o
 .debug_macro   0x0002288e       0x22 ./emlib/em_cmu.o
 .debug_macro   0x000228b0       0x10 ./emlib/em_cmu.o
 .debug_macro   0x000228c0       0xcc ./emlib/em_cmu.o
 .debug_macro   0x0002298c       0x69 ./emlib/em_cmu.o
 .debug_macro   0x000229f5      0x33e ./emlib/em_cmu.o
 .debug_macro   0x00022d33      0x16d ./emlib/em_cmu.o
 .debug_macro   0x00022ea0       0x58 ./emlib/em_cmu.o
 .debug_macro   0x00022ef8      0x34d ./emlib/em_cmu.o
 .debug_macro   0x00023245       0x25 ./emlib/em_cmu.o
 .debug_macro   0x0002326a       0xee ./emlib/em_cmu.o
 .debug_macro   0x00023358       0x1f ./emlib/em_cmu.o
 .debug_macro   0x00023377      0x2a7 ./emlib/em_gpio.o
 .debug_macro   0x0002361e       0xc6 ./emlib/em_gpio.o
 .debug_macro   0x000236e4      0x29b ./emlib/em_lcd.o
 .debug_macro   0x0002397f       0x17 ./emlib/em_lcd.o
 .debug_macro   0x00023996      0x432 ./segmentlcd/segmentlcd.o
 .debug_macro   0x00023dc8       0x52 ./segmentlcd/segmentlcd.o
 .debug_macro   0x00023e1a       0x17 ./segmentlcd/segmentlcd.o
 .debug_macro   0x00023e31       0x55 ./segmentlcd/segmentlcd.o
 .debug_macro   0x00023e86       0x35 ./segmentlcd/segmentlcd.o
 .debug_macro   0x00023ebb       0x9c ./segmentlcd/segmentlcd.o
 .debug_macro   0x00023f57       0x16 ./segmentlcd/segmentlcd.o
 .debug_macro   0x00023f6d       0x57 ./segmentlcd/segmentlcd.o
 .debug_macro   0x00023fc4       0x97 ./segmentlcd/segmentlcd.o
 .debug_macro   0x0002405b      0x353 ./segmentlcd/segmentlcd.o
 .debug_macro   0x000243ae       0xf6 ./segmentlcd/segmentlcd.o
 .debug_macro   0x000244a4       0x10 ./segmentlcd/segmentlcd.o
 .debug_macro   0x000244b4       0x58 ./segmentlcd/segmentlcd.o
 .debug_macro   0x0002450c       0x1f ./segmentlcd/segmentlcd.o
 .debug_macro   0x0002452b       0x43 ./segmentlcd/segmentlcd.o
 .debug_macro   0x0002456e       0x20 ./segmentlcd/segmentlcd.o
 .debug_macro   0x0002458e      0x18e ./segmentlcd/segmentlcd.o
 .debug_macro   0x0002471c       0x10 ./segmentlcd/segmentlcd.o
 .debug_macro   0x0002472c       0xb6 ./segmentlcd/segmentlcd.o
 .debug_macro   0x000247e2       0x16 ./segmentlcd/segmentlcd.o
 .debug_macro   0x000247f8      0x129 ./segmentlcd/segmentlcd.o
 .debug_macro   0x00024921       0x16 ./segmentlcd/segmentlcd.o
 .debug_macro   0x00024937       0x35 ./segmentlcd/segmentlcd.o
 .debug_macro   0x0002496c       0x16 ./segmentlcd/segmentlcd.o
 .debug_macro   0x00024982       0x22 ./segmentlcd/segmentlcd.o
 .debug_macro   0x000249a4       0xbd ./segmentlcd/segmentlcd.o
 .debug_macro   0x00024a61       0x1d ./segmentlcd/segmentlcd.o
 .debug_macro   0x00024a7e      0x117 ./segmentlcd/segmentlcd.o
 .debug_macro   0x00024b95       0x22 ./segmentlcd/segmentlcd.o
 .debug_macro   0x00024bb7      0x30f ./src/config/config.o
 .debug_macro   0x00024ec6       0x10 ./src/config/config.o
 .debug_macro   0x00024ed6      0x2b0 ./src/display_data/displayData.o
 .debug_macro   0x00025186      0x2cc ./src/input/button/buttonHandler.o
 .debug_macro   0x00025452       0x10 ./src/input/button/buttonHandler.o
 .debug_macro   0x00025462      0x2d6 ./src/input/joystick/joystickHandler.o
 .debug_macro   0x00025738      0x30f ./src/input/touch_slider/touch.o
 .debug_macro   0x00025a47       0xae ./src/irqHandler.o
 .debug_macro   0x00025af5      0x394 ./src/main.o
 .debug_macro   0x00025e89       0x10 ./src/main.o

.debug_frame    0x00000000     0x1554
 .debug_frame   0x00000000      0x180 ./CMSIS/EFM32GG/system_efm32gg.o
 .debug_frame   0x00000180      0x690 ./emlib/em_cmu.o
 .debug_frame   0x00000810      0x1e0 ./emlib/em_gpio.o
 .debug_frame   0x000009f0      0x2d0 ./emlib/em_lcd.o
 .debug_frame   0x00000cc0      0x318 ./segmentlcd/segmentlcd.o
 .debug_frame   0x00000fd8       0xd8 ./src/config/config.o
 .debug_frame   0x000010b0       0x34 ./src/display_data/displayData.o
 .debug_frame   0x000010e4      0x104 ./src/input/button/buttonHandler.o
 .debug_frame   0x000011e8      0x10c ./src/input/joystick/joystickHandler.o
 .debug_frame   0x000012f4      0x130 ./src/input/touch_slider/touch.o
 .debug_frame   0x00001424       0x2c ./src/irqHandler.o
 .debug_frame   0x00001450       0x30 ./src/main.o
 .debug_frame   0x00001480       0x20 c:/siliconlabs/simplicitystudio/v4/developer/toolchains/gnu_arm/7.2_2017q4/bin/../lib/gcc/arm-none-eabi/7.2.1/../../../../arm-none-eabi/lib/thumb/v7-m\libc_nano.a(lib_a-abs.o)
 .debug_frame   0x000014a0       0x28 c:/siliconlabs/simplicitystudio/v4/developer/toolchains/gnu_arm/7.2_2017q4/bin/../lib/gcc/arm-none-eabi/7.2.1/../../../../arm-none-eabi/lib/thumb/v7-m\libc_nano.a(lib_a-exit.o)
 .debug_frame   0x000014c8       0x2c c:/siliconlabs/simplicitystudio/v4/developer/toolchains/gnu_arm/7.2_2017q4/bin/../lib/gcc/arm-none-eabi/7.2.1/../../../../arm-none-eabi/lib/thumb/v7-m\libc_nano.a(lib_a-init.o)
 .debug_frame   0x000014f4       0x20 c:/siliconlabs/simplicitystudio/v4/developer/toolchains/gnu_arm/7.2_2017q4/bin/../lib/gcc/arm-none-eabi/7.2.1/../../../../arm-none-eabi/lib/thumb/v7-m\libc_nano.a(lib_a-memset.o)
 .debug_frame   0x00001514       0x20 c:/siliconlabs/simplicitystudio/v4/developer/toolchains/gnu_arm/7.2_2017q4/bin/../lib/gcc/arm-none-eabi/7.2.1/../../../../arm-none-eabi/lib/thumb/v7-m\libc_nano.a(lib_a-strcpy.o)
 .debug_frame   0x00001534       0x20 c:/siliconlabs/simplicitystudio/v4/developer/toolchains/gnu_arm/7.2_2017q4/bin/../lib/gcc/arm-none-eabi/7.2.1/../../../../arm-none-eabi/lib/thumb/v7-m\libnosys.a(_exit.o)
